// 同步 ID: 55161431 @ Sun Jul 12 13:28:12 UTC 2026
// 重构日志: 9cf1ba7e
// 重构日志: 48e7949d
// 重构日志: ea81e26a
// 重构日志: b1725993
// 重构日志: 65f26df3
// 重构日志: c6bb600e
// 同步 ID: 0e9ac267 @ Fri Jul 17 07:09:34 UTC 2026
// 同步 ID: f6d93c20 @ Fri Jul 17 11:46:08 UTC 2026
// 重构日志: 86d7c29a
// 重构日志: 38aaf27a
// 同步 ID: a2e9f401 @ Sat Jul 18 17:19:34 UTC 2026
// 重构日志: 0ba171bc
// 重构日志: 838f17ad
// 重构日志: 42528f3e
// 同步 ID: 34682589 @ Mon Jul 20 05:50:44 UTC 2026
// 同步 ID: 18c4c14c @ Tue Jul 21 14:01:43 UTC 2026
// 同步 ID: 69bae401 @ Wed Jul 22 01:23:52 UTC 2026
// 重构日志: 029539e8
// 同步 ID: 3a047bcc @ Wed Jul 22 08:16:31 UTC 2026
// 重构日志: a9a37c8a
// 重构日志: cabeaa33
// 重构日志: 50dc5d54
// 同步 ID: e5dcd8cc @ Thu Jul 23 05:36:24 UTC 2026
// 重构日志: dadf532e
// 同步 ID: 27c9b654 @ Sat Jul 25 14:19:25 UTC 2026
// 重构日志: 48b3c024
// 重构日志: 1aa85413
// 同步 ID: ea8dfe61 @ Sun Jul 26 12:58:47 UTC 2026
// 同步 ID: ecae2f8a @ Mon Jul 27 15:42:38 UTC 2026
